CUDA_VISIBLE_DEVICES='' HF_HUB_OFFLINE=1 .venv/bin/python -m pytest -q
.........................                                                [100%]
=============================== warnings summary ===============================
tests/test_mechanisms.py::test_dpo_moves_chosen_up_rejected_down
  /data/xionglei-extract/agentic-rl-lab/tests/test_mechanisms.py:97: UserWarning: Converting a tensor with requires_grad=True to a scalar may lead to unexpected behavior.
  Consider using tensor.detach() first. (Triggered internally at /pytorch/torch/csrc/autograd/generated/python_variable_methods.cpp:836.)
    assert float(loss) == pytest.approx(math.log(2))

-- Docs: https://docs.pytest.org/en/stable/how-to/capture-warnings.html
25 passed, 1 skipped, 1 warning in 14.46s
.venv/bin/python scripts/verify_data.py
{
  "fixtures": {
    "verified": true,
    "rows": {
      "train": 32,
      "eval": 32,
      "vision-eval": 8,
      "vision-train": 8,
      "dpo-eval": 32,
      "general-train": 8,
      "dpo-train": 32
    },
    "hashed_files": 7,
    "revision": null
  },
  "gsm8k": {
    "verified": true,
    "rows": {
      "train": 7473,
      "eval": 1319
    },
    "hashed_files": 2,
    "revision": "740312add88f781978c0658806c59bc2815b9866"
  },
  "dpo": {
    "verified": true,
    "rows": {
      "train": 7473,
      "eval": 1319
    },
    "hashed_files": 2,
    "revision": null
  },
  "deepmath": {
    "verified": true,
    "rows": {
      "train": 960,
      "eval": 64
    },
    "hashed_files": 2,
    "revision": "5cf055d1fe3d7a2eb19719ac020211469736ae44"
  },
  "opsd": {
    "verified": true,
    "rows": {
      "train": 960,
      "eval": 64
    },
    "hashed_files": 2,
    "revision": "1f33e9dc2e8a1c639ca74f8024ad4a9f1f5eae62"
  },
  "dapo": {
    "verified": true,
    "rows": {
      "train": 953,
      "eval": 64
    },
    "hashed_files": 2,
    "revision": "65877096c24ffa7abc4e4fa5edb95cf3413a5674"
  },
  "aime25": {
    "verified": true,
    "rows": {
      "eval": 30
    },
    "hashed_files": 1,
    "revision": "6f71d77b0b89b9dabe07ab466c51df33f514df7f"
  },
  "medical": {
    "verified": true,
    "rows": {
      "train": 952,
      "eval": 64
    },
    "hashed_files": 2,
    "revision": "fc2c9e8a37b38f38da6d449564a8c350b244aef4"
  },
  "medqa": {
    "verified": true,
    "rows": {
      "eval": 3420
    },
    "hashed_files": 1,
    "revision": "484a6c066fe8e75c83edea0c88b5169316714fcd"
  },
  "ceval": {
    "verified": true,
    "rows": {
      "train": 204,
      "eval": 45
    },
    "hashed_files": 2,
    "revision": "617524a00b307ff6f9933702f724131fe12ca7ce"
  },
  "search": {
    "verified": true,
    "rows": {
      "train": 1024,
      "corpus": 5038,
      "eval": 1024
    },
    "hashed_files": 3,
    "revision": "b7d80abfee334a7a91cb377544f09180d58b34f6"
  },
  "hotpot": {
    "verified": true,
    "rows": {
      "train": 256,
      "eval": 256
    },
    "hashed_files": 2,
    "revision": "1908d6afbbead072334abe2965f91bd2709910ab"
  },
  "geoqa": {
    "verified": true,
    "rows": {
      "train": 3503,
      "eval": 759
    },
    "hashed_files": 5012,
    "revision": "8a6614c6936e36c899a82033c9ff673028e14a01"
  },
  "alfworld-manifests": {
    "verified": true,
    "rows": {
      "train": 3553,
      "eval-seen": 140,
      "eval-unseen": 134
    },
    "hashed_files": 3,
    "revision": null
  },
  "harness": {
    "verified": true,
    "rows": {
      "probes": 2
    },
    "hashed_files": 1,
    "revision": null
  }
}
.venv/bin/ruff check src scripts tests
All checks passed!
