   Building agentic-rl-lab-local @ file://${PROJECT_ROOT}
      Built agentic-rl-lab-local @ file://${PROJECT_ROOT}
Prepared 2 packages in 1.01s
Uninstalled 5 packages in 36ms
Installed 3 packages in 73ms
 ~ agentic-rl-lab-local==0.1.0 (from file://${PROJECT_ROOT})
 - beautifulsoup4==4.15.0
 - filelock==3.32.3
 + filelock==3.32.6
 - setuptools==78.1.0
 + setuptools==84.0.0
 - soupsieve==2.9.2
{
  "versions": {
    "torch": "2.9.1+cpu",
    "torchvision": "0.24.1+cpu",
    "transformers": "4.57.6",
    "trl": "0.25.1",
    "accelerate": "1.12.0",
    "peft": "0.18.1",
    "datasets": "4.4.2",
    "alfworld": "0.4.2",
    "textworld": "1.7.0",
    "tensorboard": "2.20.0",
    "streamlit": "1.52.2"
  },
  "torch_cuda_build": null,
  "default_device": "cpu",
  "pytrio_installed": false
}
Dataset manifests: aime25, alfworld-manifests, ceval, dapo, deepmath, dpo, fixtures, geoqa, gsm8k, harness, hotpot, medical, medqa, opsd, search
