2026-09-10 13:37:23,988	INFO worker.py:1951 -- Started a local Ray instance.
Traceback (most recent call last):
  File "/data/xionglei-extract/agentic-rl-lab/.venv-verl-gpu/bin/arl", line 10, in <module>
    sys.exit(main())
             ^^^^^^
  File "/data/xionglei-extract/agentic-rl-lab/src/agentic_rl/cli.py", line 236, in main
    train(config)
  File "/data/xionglei-extract/agentic-rl-lab/src/agentic_rl/cli.py", line 132, in train
    result = run_verl(config)
             ^^^^^^^^^^^^^^^^
  File "/data/xionglei-extract/agentic-rl-lab/src/agentic_rl/verl_backend/__init__.py", line 43, in run_verl
    return run(config)
           ^^^^^^^^^^^
  File "/data/xionglei-extract/agentic-rl-lab/src/agentic_rl/verl_backend/trainer.py", line 39, in run
    runtime = WorkerRuntime(config)
              ^^^^^^^^^^^^^^^^^^^^^
  File "/data/xionglei-extract/agentic-rl-lab/src/agentic_rl/verl_backend/runtime.py", line 86, in __init__
    self.evidence = self.group.init_model()
                    ^^^^^^^^^^^^^^^^^^^^^^^
  File "/data/xionglei-extract/agentic-rl-lab/references/verl/verl/single_controller/ray/base.py", line 55, in __call__
    output = ray.get(output)
             ^^^^^^^^^^^^^^^
  File "/data/xionglei-extract/agentic-rl-lab/.venv-verl-gpu/lib/python3.12/site-packages/ray/_private/auto_init_hook.py", line 22, in auto_init_wrapper
    return fn(*args, **kwargs)
           ^^^^^^^^^^^^^^^^^^^
  File "/data/xionglei-extract/agentic-rl-lab/.venv-verl-gpu/lib/python3.12/site-packages/ray/_private/client_mode_hook.py", line 104, in wrapper
    return func(*args, **kwargs)
           ^^^^^^^^^^^^^^^^^^^^^
  File "/data/xionglei-extract/agentic-rl-lab/.venv-verl-gpu/lib/python3.12/site-packages/ray/_private/worker.py", line 2882, in get
    values, debugger_breakpoint = worker.get_objects(object_refs, timeout=timeout)
                                  ^^^^^^^^^^^^^^^^^^^^^^^^^^^^^^^^^^^^^^^^^^^^^^^^
  File "/data/xionglei-extract/agentic-rl-lab/.venv-verl-gpu/lib/python3.12/site-packages/ray/_private/worker.py", line 968, in get_objects
    raise value.as_instanceof_cause()
ray.exceptions.RayTaskError(InstantiationException): [36mray::GPUWorker.init_model()[39m (pid=3776992, ip=127.0.0.1, actor_id=0e4a2403dd637c900d14b0da01000000, repr=<agentic_rl.verl_backend.gpu_worker.GPUWorker object at 0x70b408fdb5f0>)
           ^^^^^^^^^^^^^^^^^^^^^^^^^
TypeError: RolloutConfig.__init__() got an unexpected keyword argument 'seed'

The above exception was the direct cause of the following exception:

[36mray::GPUWorker.init_model()[39m (pid=3776992, ip=127.0.0.1, actor_id=0e4a2403dd637c900d14b0da01000000, repr=<agentic_rl.verl_backend.gpu_worker.GPUWorker object at 0x70b408fdb5f0>)
  File "/usr/lib/python3.12/concurrent/futures/_base.py", line 449, in result
    return self.__get_result()
           ^^^^^^^^^^^^^^^^^^^
  File "/usr/lib/python3.12/concurrent/futures/_base.py", line 401, in __get_result
    raise self._exception
           ^^^^^^^^^^^^^^^^^^^^^
           ^^^^^^^^^^^^^^^^^^^^^^^^^^^^^^^^^^^^
           ^^^^^^^^^^^^^^^^^^^^^^^^^^^^^^^
  File "/data/xionglei-extract/agentic-rl-lab/references/verl/verl/single_controller/base/decorator.py", line 427, in inner
    return func(*args, **kwargs)
           ^^^^^^^^^^^^^^^^^^^^^
  File "/data/xionglei-extract/agentic-rl-lab/src/agentic_rl/verl_backend/gpu_worker.py", line 81, in init_model
    super().init_model()
  File "/data/xionglei-extract/agentic-rl-lab/references/verl/verl/single_controller/base/decorator.py", line 427, in inner
    return func(*args, **kwargs)
           ^^^^^^^^^^^^^^^^^^^^^
  File "/data/xionglei-extract/agentic-rl-lab/references/verl/verl/workers/fsdp_workers.py", line 928, in init_model
    self._build_rollout(trust_remote_code=self.config.model.get("trust_remote_code", False))
           ^^^^^^^^^^^^^^^^^^^^^^^^^^^^^^^
  File "/data/xionglei-extract/agentic-rl-lab/references/verl/verl/workers/fsdp_workers.py", line 690, in _build_rollout
    rollout_config: RolloutConfig = omega_conf_to_dataclass(self.config.rollout)
                                    ^^^^^^^^^^^^^^^^^^^^^^^^^^^^^^^^^^^^^^^^^^^^
  File "/data/xionglei-extract/agentic-rl-lab/references/verl/verl/utils/config.py", line 50, in omega_conf_to_dataclass
    return instantiate(config, _convert_="partial")
           ^^^^^^^^^^^^^^^^^^^^^^^^^^^^^^^^^^^^^^^^
  File "/data/xionglei-extract/agentic-rl-lab/.venv-verl-gpu/lib/python3.12/site-packages/hydra/_internal/instantiate/_instantiate2.py", line 226, in instantiate
    return instantiate_node(
           ^^^^^^^^^^^^^^^^^
  File "/data/xionglei-extract/agentic-rl-lab/.venv-verl-gpu/lib/python3.12/site-packages/hydra/_internal/instantiate/_instantiate2.py", line 347, in instantiate_node
    return _call_target(_target_, partial, args, kwargs, full_key)
           ^^^^^^^^^^^^^^^^^^^^^^^^^^^^^^^^^^^^^^^^^^^^^^^^^^^^^^^
  File "/data/xionglei-extract/agentic-rl-lab/.venv-verl-gpu/lib/python3.12/site-packages/hydra/_internal/instantiate/_instantiate2.py", line 97, in _call_target
    raise InstantiationException(msg) from e
hydra.errors.InstantiationException: Error in call to target 'verl.workers.config.rollout.RolloutConfig':
TypeError("RolloutConfig.__init__() got an unexpected keyword argument 'seed'")
full_key: actor_rollout_ref.rollout
